MARS 4.5  Copyright 2003-2014 Pete Sanderson and Kenneth Vollmar

1
1
2
3
5
8
13
21
34


